----------------------------------------
Exception occurred during processing of request from ('10.18.181.144', 41294)
Traceback (most recent call last):
  File "C:\Users\shiva\AppData\Local\Programs\Python\Python312\Lib\socketserver.py", line 697, in process_request_thread
    self.finish_request(request, client_address)
  File "C:\Users\shiva\AppData\Local\Programs\Python\Python312\Lib\socketserver.py", line 362, in finish_request
    self.RequestHandlerClass(request, client_address, self)
  File "C:\Users\shiva\AppData\Local\Programs\Python\Python312\Lib\socketserver.py", line 766, in __init__
    self.handle()
  File "C:\Users\shiva\AppData\Local\Programs\Python\Python312\Lib\http\server.py", line 436, in handle
    self.handle_one_request()
  File "C:\Users\shiva\AppData\Local\Programs\Python\Python312\Lib\http\server.py", line 424, in handle_one_request
    method()
  File "D:\Notification_call_log\server\server.py", line 659, in do_POST
    pending_cmds.pop(dev, None)
  File "D:\Notification_call_log\server\server.py", line 550, in _json
    self.send_header("Content-Length", str(len(body)))
    ^^^^^^^^^^^^^^^^^^
  File "C:\Users\shiva\AppData\Local\Programs\Python\Python312\Lib\http\server.py", line 538, in end_headers
    self.flush_headers()
  File "C:\Users\shiva\AppData\Local\Programs\Python\Python312\Lib\http\server.py", line 542, in flush_headers
    self.wfile.write(b"".join(self._headers_buffer))
  File "C:\Users\shiva\AppData\Local\Programs\Python\Python312\Lib\socketserver.py", line 845, in write
    self._sock.sendall(b)
ConnectionResetError: [WinError 10054] An existing connection was forcibly closed by the remote host
----------------------------------------
